INFO     base.dummy_selenium_base:dummy_selenium_base.py:26 finding element with ('xpath', "//input[@value='radio_345']")
INFO     base.dummy_selenium_base:dummy_selenium_base.py:36 sending text:Kishor to element:('xpath', '(//input[@name="firstname"])[1]')
INFO     base.dummy_selenium_base:dummy_selenium_base.py:36 sending text:patil to element:('xpath', '(//input[@name="firstname"])[2]')
INFO     base.dummy_selenium_base:dummy_selenium_base.py:36 sending text:12/03/1993 to element:('xpath', "//input[@id='birthday']")
INFO     base.dummy_selenium_base:dummy_selenium_base.py:26 finding element with ('xpath', "//input[@id='male']")
INFO     base.dummy_selenium_base:dummy_selenium_base.py:31 select:2 value from dropown :('xpath', "//select[@id='admorepass']")
INFO     base.dummy_selenium_base:dummy_selenium_base.py:26 finding element with ('xpath', "//input[@id='oneway']")
INFO     base.dummy_selenium_base:dummy_selenium_base.py:36 sending text:Pune to element:('xpath', "//input[@id='fromcity']")
INFO     base.dummy_selenium_base:dummy_selenium_base.py:36 sending text:Mumbai to element:('xpath', "//input[@name='destcity']")
INFO     base.dummy_selenium_base:dummy_selenium_base.py:36 sending text:12/05/2025 to element:('xpath', "//input[@name='departdate']")
INFO     base.dummy_selenium_base:dummy_selenium_base.py:36 sending text:11/09/2026 to element:('xpath', "//input[@name='returndate']")
INFO     base.dummy_selenium_base:dummy_selenium_base.py:36 sending text:10/09/2025 to element:('xpath', "//input[@name='visadate']")
INFO     base.dummy_selenium_base:dummy_selenium_base.py:26 finding element with ('xpath', "(//input[@id='female'])[2]")
INFO     base.dummy_selenium_base:dummy_selenium_base.py:36 sending text:Swapnil Patil to element:('xpath', "//input[@id='billing_name']")
INFO     base.dummy_selenium_base:dummy_selenium_base.py:36 sending text:9989908990 to element:('xpath', "//input[@id='billing_phone']")
INFO     base.dummy_selenium_base:dummy_selenium_base.py:36 sending text:patils@gmail.com to element:('xpath', "//input[@id='billing_email']")
INFO     base.dummy_selenium_base:dummy_selenium_base.py:36 sending text:somnath nagar to element:('xpath', "//input[@id='billing_address']")
INFO     base.dummy_selenium_base:dummy_selenium_base.py:36 sending text:ramtekdi to element:('xpath', "//input[@id='street_address1']")
INFO     base.dummy_selenium_base:dummy_selenium_base.py:36 sending text:411014 to element:('xpath', "//input[@name='postcode']")
INFO     base.dummy_selenium_base:dummy_selenium_base.py:31 select:DZ value from dropown :('xpath', "//select[@id='billing_country']")
INFO     base.dummy_selenium_base:dummy_selenium_base.py:26 finding element with ('xpath', "//td[text()='6001']/preceding-sibling::td//input")
